  Determining projects to restore...
C:\Users\mateo\OneDrive\Desktop\BD2\Obligatorio_BD2\src\Ticketing.Api\Ticketing.Api.csproj : warning NU1903: Package 'Newtonsoft.Json' 12.0.3 has a known high severity vulnerability, https://github.com/advisories/GHSA-5crp-9r3c-p9vr [C:\Users\mateo\OneDrive\Desktop\BD2\Obligatorio_BD2\Ticketing.sln]
C:\Users\mateo\OneDrive\Desktop\BD2\Obligatorio_BD2\src\Ticketing.Application\Ticketing.Application.csproj : warning NU1903: Package 'Newtonsoft.Json' 12.0.3 has a known high severity vulnerability, https://github.com/advisories/GHSA-5crp-9r3c-p9vr [C:\Users\mateo\OneDrive\Desktop\BD2\Obligatorio_BD2\Ticketing.sln]
C:\Users\mateo\OneDrive\Desktop\BD2\Obligatorio_BD2\src\Ticketing.Infrastructure\Ticketing.Infrastructure.csproj : warning NU1903: Package 'Newtonsoft.Json' 12.0.3 has a known high severity vulnerability, https://github.com/advisories/GHSA-5crp-9r3c-p9vr [C:\Users\mateo\OneDrive\Desktop\BD2\Obligatorio_BD2\Ticketing.sln]
  All projects are up-to-date for restore.
C:\Users\mateo\OneDrive\Desktop\BD2\Obligatorio_BD2\src\Ticketing.Infrastructure\Ticketing.Infrastructure.csproj : warning NU1903: Package 'Newtonsoft.Json' 12.0.3 has a known high severity vulnerability, https://github.com/advisories/GHSA-5crp-9r3c-p9vr
C:\Users\mateo\OneDrive\Desktop\BD2\Obligatorio_BD2\src\Ticketing.Application\Ticketing.Application.csproj : warning NU1903: Package 'Newtonsoft.Json' 12.0.3 has a known high severity vulnerability, https://github.com/advisories/GHSA-5crp-9r3c-p9vr
C:\Users\mateo\OneDrive\Desktop\BD2\Obligatorio_BD2\src\Ticketing.Api\Ticketing.Api.csproj : warning NU1903: Package 'Newtonsoft.Json' 12.0.3 has a known high severity vulnerability, https://github.com/advisories/GHSA-5crp-9r3c-p9vr
  Ticketing.Contracts -> C:\Users\mateo\OneDrive\Desktop\BD2\Obligatorio_BD2\src\Ticketing.Contracts\bin\Debug\net10.0\Ticketing.Contracts.dll
  Ticketing.Domain -> C:\Users\mateo\OneDrive\Desktop\BD2\Obligatorio_BD2\src\Ticketing.Domain\bin\Debug\net10.0\Ticketing.Domain.dll
  Ticketing.Application -> C:\Users\mateo\OneDrive\Desktop\BD2\Obligatorio_BD2\src\Ticketing.Application\bin\Debug\net10.0\Ticketing.Application.dll
C:\Users\mateo\OneDrive\Desktop\BD2\Obligatorio_BD2\src\Ticketing.Front\Pages\Estadios.razor(4,13): error CS0246: The type or namespace name 'AuthorizeAttribute' could not be found (are you missing a using directive or an assembly reference?) [C:\Users\mateo\OneDrive\Desktop\BD2\Obligatorio_BD2\src\Ticketing.Front\Ticketing.Front.csproj]
C:\Users\mateo\OneDrive\Desktop\BD2\Obligatorio_BD2\src\Ticketing.Front\Pages\Estadios.razor(4,13): error CS0246: The type or namespace name 'Authorize' could not be found (are you missing a using directive or an assembly reference?) [C:\Users\mateo\OneDrive\Desktop\BD2\Obligatorio_BD2\src\Ticketing.Front\Ticketing.Front.csproj]
C:\Users\mateo\OneDrive\Desktop\BD2\Obligatorio_BD2\src\Ticketing.Front\Pages\Equipos.razor(4,13): error CS0246: The type or namespace name 'AuthorizeAttribute' could not be found (are you missing a using directive or an assembly reference?) [C:\Users\mateo\OneDrive\Desktop\BD2\Obligatorio_BD2\src\Ticketing.Front\Ticketing.Front.csproj]
C:\Users\mateo\OneDrive\Desktop\BD2\Obligatorio_BD2\src\Ticketing.Front\Pages\Equipos.razor(4,13): error CS0246: The type or namespace name 'Authorize' could not be found (are you missing a using directive or an assembly reference?) [C:\Users\mateo\OneDrive\Desktop\BD2\Obligatorio_BD2\src\Ticketing.Front\Ticketing.Front.csproj]
C:\Users\mateo\OneDrive\Desktop\BD2\Obligatorio_BD2\src\Ticketing.Front\Pages\Metricas.razor(4,13): error CS0246: The type or namespace name 'AuthorizeAttribute' could not be found (are you missing a using directive or an assembly reference?) [C:\Users\mateo\OneDrive\Desktop\BD2\Obligatorio_BD2\src\Ticketing.Front\Ticketing.Front.csproj]
C:\Users\mateo\OneDrive\Desktop\BD2\Obligatorio_BD2\src\Ticketing.Front\Pages\Metricas.razor(4,13): error CS0246: The type or namespace name 'Authorize' could not be found (are you missing a using directive or an assembly reference?) [C:\Users\mateo\OneDrive\Desktop\BD2\Obligatorio_BD2\src\Ticketing.Front\Ticketing.Front.csproj]
C:\Users\mateo\OneDrive\Desktop\BD2\Obligatorio_BD2\src\Ticketing.Front\Pages\QrScanner.razor(3,13): error CS0246: The type or namespace name 'AuthorizeAttribute' could not be found (are you missing a using directive or an assembly reference?) [C:\Users\mateo\OneDrive\Desktop\BD2\Obligatorio_BD2\src\Ticketing.Front\Ticketing.Front.csproj]
C:\Users\mateo\OneDrive\Desktop\BD2\Obligatorio_BD2\src\Ticketing.Front\Pages\QrScanner.razor(3,13): error CS0246: The type or namespace name 'Authorize' could not be found (are you missing a using directive or an assembly reference?) [C:\Users\mateo\OneDrive\Desktop\BD2\Obligatorio_BD2\src\Ticketing.Front\Ticketing.Front.csproj]
C:\Users\mateo\OneDrive\Desktop\BD2\Obligatorio_BD2\src\Ticketing.Front\Pages\Usuarios.razor(4,13): error CS0246: The type or namespace name 'AuthorizeAttribute' could not be found (are you missing a using directive or an assembly reference?) [C:\Users\mateo\OneDrive\Desktop\BD2\Obligatorio_BD2\src\Ticketing.Front\Ticketing.Front.csproj]
C:\Users\mateo\OneDrive\Desktop\BD2\Obligatorio_BD2\src\Ticketing.Front\Pages\Usuarios.razor(4,13): error CS0246: The type or namespace name 'Authorize' could not be found (are you missing a using directive or an assembly reference?) [C:\Users\mateo\OneDrive\Desktop\BD2\Obligatorio_BD2\src\Ticketing.Front\Ticketing.Front.csproj]
C:\Users\mateo\OneDrive\Desktop\BD2\Obligatorio_BD2\src\Ticketing.Front\Pages\Venta.razor(3,13): error CS0246: The type or namespace name 'AuthorizeAttribute' could not be found (are you missing a using directive or an assembly reference?) [C:\Users\mateo\OneDrive\Desktop\BD2\Obligatorio_BD2\src\Ticketing.Front\Ticketing.Front.csproj]
C:\Users\mateo\OneDrive\Desktop\BD2\Obligatorio_BD2\src\Ticketing.Front\Pages\Venta.razor(3,13): error CS0246: The type or namespace name 'Authorize' could not be found (are you missing a using directive or an assembly reference?) [C:\Users\mateo\OneDrive\Desktop\BD2\Obligatorio_BD2\src\Ticketing.Front\Ticketing.Front.csproj]
  Ticketing.Infrastructure -> C:\Users\mateo\OneDrive\Desktop\BD2\Obligatorio_BD2\src\Ticketing.Infrastructure\bin\Debug\net10.0\Ticketing.Infrastructure.dll
C:\Program Files\dotnet\sdk\10.0.301\Microsoft.Common.CurrentVersion.targets(5096,5): warning MSB3026: Could not copy "C:\Users\mateo\OneDrive\Desktop\BD2\Obligatorio_BD2\src\Ticketing.Infrastructure\bin\Debug\net10.0\Ticketing.Infrastructure.dll" to "bin\Debug\net10.0\Ticketing.Infrastructure.dll". Beginning retry 1 in 1000ms. The process cannot access the file 'C:\Users\mateo\OneDrive\Desktop\BD2\Obligatorio_BD2\src\Ticketing.Api\bin\Debug\net10.0\Ticketing.Infrastructure.dll' because it is being used by another process. The file is locked by: "Ticketing.Api (5092)" [C:\Users\mateo\OneDrive\Desktop\BD2\Obligatorio_BD2\src\Ticketing.Api\Ticketing.Api.csproj]
C:\Program Files\dotnet\sdk\10.0.301\Microsoft.Common.CurrentVersion.targets(5096,5): warning MSB3026: Could not copy "C:\Users\mateo\OneDrive\Desktop\BD2\Obligatorio_BD2\src\Ticketing.Contracts\bin\Debug\net10.0\Ticketing.Contracts.dll" to "bin\Debug\net10.0\Ticketing.Contracts.dll". Beginning retry 1 in 1000ms. The process cannot access the file 'C:\Users\mateo\OneDrive\Desktop\BD2\Obligatorio_BD2\src\Ticketing.Api\bin\Debug\net10.0\Ticketing.Contracts.dll' because it is being used by another process. The file is locked by: "Ticketing.Api (5092)" [C:\Users\mateo\OneDrive\Desktop\BD2\Obligatorio_BD2\src\Ticketing.Api\Ticketing.Api.csproj]
C:\Program Files\dotnet\sdk\10.0.301\Microsoft.Common.CurrentVersion.targets(5096,5): warning MSB3026: Could not copy "C:\Users\mateo\OneDrive\Desktop\BD2\Obligatorio_BD2\src\Ticketing.Domain\bin\Debug\net10.0\Ticketing.Domain.dll" to "bin\Debug\net10.0\Ticketing.Domain.dll". Beginning retry 1 in 1000ms. The process cannot access the file 'C:\Users\mateo\OneDrive\Desktop\BD2\Obligatorio_BD2\src\Ticketing.Api\bin\Debug\net10.0\Ticketing.Domain.dll' because it is being used by another process. The file is locked by: "Ticketing.Api (5092)" [C:\Users\mateo\OneDrive\Desktop\BD2\Obligatorio_BD2\src\Ticketing.Api\Ticketing.Api.csproj]
C:\Program Files\dotnet\sdk\10.0.301\Microsoft.Common.CurrentVersion.targets(5096,5): warning MSB3026: Could not copy "C:\Users\mateo\OneDrive\Desktop\BD2\Obligatorio_BD2\src\Ticketing.Application\bin\Debug\net10.0\Ticketing.Application.dll" to "bin\Debug\net10.0\Ticketing.Application.dll". Beginning retry 1 in 1000ms. The process cannot access the file 'C:\Users\mateo\OneDrive\Desktop\BD2\Obligatorio_BD2\src\Ticketing.Api\bin\Debug\net10.0\Ticketing.Application.dll' because it is being used by another process. The file is locked by: "Ticketing.Api (5092)" [C:\Users\mateo\OneDrive\Desktop\BD2\Obligatorio_BD2\src\Ticketing.Api\Ticketing.Api.csproj]
C:\Program Files\dotnet\sdk\10.0.301\Microsoft.Common.CurrentVersion.targets(5096,5): warning MSB3026: Could not copy "C:\Users\mateo\OneDrive\Desktop\BD2\Obligatorio_BD2\src\Ticketing.Infrastructure\bin\Debug\net10.0\Ticketing.Infrastructure.dll" to "bin\Debug\net10.0\Ticketing.Infrastructure.dll". Beginning retry 2 in 1000ms. The process cannot access the file 'C:\Users\mateo\OneDrive\Desktop\BD2\Obligatorio_BD2\src\Ticketing.Api\bin\Debug\net10.0\Ticketing.Infrastructure.dll' because it is being used by another process. The file is locked by: "Ticketing.Api (5092)" [C:\Users\mateo\OneDrive\Desktop\BD2\Obligatorio_BD2\src\Ticketing.Api\Ticketing.Api.csproj]
C:\Program Files\dotnet\sdk\10.0.301\Microsoft.Common.CurrentVersion.targets(5096,5): warning MSB3026: Could not copy "C:\Users\mateo\OneDrive\Desktop\BD2\Obligatorio_BD2\src\Ticketing.Contracts\bin\Debug\net10.0\Ticketing.Contracts.dll" to "bin\Debug\net10.0\Ticketing.Contracts.dll". Beginning retry 2 in 1000ms. The process cannot access the file 'C:\Users\mateo\OneDrive\Desktop\BD2\Obligatorio_BD2\src\Ticketing.Api\bin\Debug\net10.0\Ticketing.Contracts.dll' because it is being used by another process. The file is locked by: "Ticketing.Api (5092)" [C:\Users\mateo\OneDrive\Desktop\BD2\Obligatorio_BD2\src\Ticketing.Api\Ticketing.Api.csproj]
C:\Program Files\dotnet\sdk\10.0.301\Microsoft.Common.CurrentVersion.targets(5096,5): warning MSB3026: Could not copy "C:\Users\mateo\OneDrive\Desktop\BD2\Obligatorio_BD2\src\Ticketing.Domain\bin\Debug\net10.0\Ticketing.Domain.dll" to "bin\Debug\net10.0\Ticketing.Domain.dll". Beginning retry 2 in 1000ms. The process cannot access the file 'C:\Users\mateo\OneDrive\Desktop\BD2\Obligatorio_BD2\src\Ticketing.Api\bin\Debug\net10.0\Ticketing.Domain.dll' because it is being used by another process. The file is locked by: "Ticketing.Api (5092)" [C:\Users\mateo\OneDrive\Desktop\BD2\Obligatorio_BD2\src\Ticketing.Api\Ticketing.Api.csproj]
C:\Program Files\dotnet\sdk\10.0.301\Microsoft.Common.CurrentVersion.targets(5096,5): warning MSB3026: Could not copy "C:\Users\mateo\OneDrive\Desktop\BD2\Obligatorio_BD2\src\Ticketing.Application\bin\Debug\net10.0\Ticketing.Application.dll" to "bin\Debug\net10.0\Ticketing.Application.dll". Beginning retry 2 in 1000ms. The process cannot access the file 'C:\Users\mateo\OneDrive\Desktop\BD2\Obligatorio_BD2\src\Ticketing.Api\bin\Debug\net10.0\Ticketing.Application.dll' because it is being used by another process. The file is locked by: "Ticketing.Api (5092)" [C:\Users\mateo\OneDrive\Desktop\BD2\Obligatorio_BD2\src\Ticketing.Api\Ticketing.Api.csproj]
C:\Program Files\dotnet\sdk\10.0.301\Microsoft.Common.CurrentVersion.targets(5096,5): warning MSB3026: Could not copy "C:\Users\mateo\OneDrive\Desktop\BD2\Obligatorio_BD2\src\Ticketing.Infrastructure\bin\Debug\net10.0\Ticketing.Infrastructure.dll" to "bin\Debug\net10.0\Ticketing.Infrastructure.dll". Beginning retry 3 in 1000ms. The process cannot access the file 'C:\Users\mateo\OneDrive\Desktop\BD2\Obligatorio_BD2\src\Ticketing.Api\bin\Debug\net10.0\Ticketing.Infrastructure.dll' because it is being used by another process. The file is locked by: "Ticketing.Api (5092)" [C:\Users\mateo\OneDrive\Desktop\BD2\Obligatorio_BD2\src\Ticketing.Api\Ticketing.Api.csproj]
C:\Program Files\dotnet\sdk\10.0.301\Microsoft.Common.CurrentVersion.targets(5096,5): warning MSB3026: Could not copy "C:\Users\mateo\OneDrive\Desktop\BD2\Obligatorio_BD2\src\Ticketing.Contracts\bin\Debug\net10.0\Ticketing.Contracts.dll" to "bin\Debug\net10.0\Ticketing.Contracts.dll". Beginning retry 3 in 1000ms. The process cannot access the file 'C:\Users\mateo\OneDrive\Desktop\BD2\Obligatorio_BD2\src\Ticketing.Api\bin\Debug\net10.0\Ticketing.Contracts.dll' because it is being used by another process. The file is locked by: "Ticketing.Api (5092)" [C:\Users\mateo\OneDrive\Desktop\BD2\Obligatorio_BD2\src\Ticketing.Api\Ticketing.Api.csproj]
C:\Program Files\dotnet\sdk\10.0.301\Microsoft.Common.CurrentVersion.targets(5096,5): warning MSB3026: Could not copy "C:\Users\mateo\OneDrive\Desktop\BD2\Obligatorio_BD2\src\Ticketing.Domain\bin\Debug\net10.0\Ticketing.Domain.dll" to "bin\Debug\net10.0\Ticketing.Domain.dll". Beginning retry 3 in 1000ms. The process cannot access the file 'C:\Users\mateo\OneDrive\Desktop\BD2\Obligatorio_BD2\src\Ticketing.Api\bin\Debug\net10.0\Ticketing.Domain.dll' because it is being used by another process. The file is locked by: "Ticketing.Api (5092)" [C:\Users\mateo\OneDrive\Desktop\BD2\Obligatorio_BD2\src\Ticketing.Api\Ticketing.Api.csproj]
C:\Program Files\dotnet\sdk\10.0.301\Microsoft.Common.CurrentVersion.targets(5096,5): warning MSB3026: Could not copy "C:\Users\mateo\OneDrive\Desktop\BD2\Obligatorio_BD2\src\Ticketing.Application\bin\Debug\net10.0\Ticketing.Application.dll" to "bin\Debug\net10.0\Ticketing.Application.dll". Beginning retry 3 in 1000ms. The process cannot access the file 'C:\Users\mateo\OneDrive\Desktop\BD2\Obligatorio_BD2\src\Ticketing.Api\bin\Debug\net10.0\Ticketing.Application.dll' because it is being used by another process. The file is locked by: "Ticketing.Api (5092)" [C:\Users\mateo\OneDrive\Desktop\BD2\Obligatorio_BD2\src\Ticketing.Api\Ticketing.Api.csproj]
C:\Program Files\dotnet\sdk\10.0.301\Microsoft.Common.CurrentVersion.targets(5096,5): warning MSB3026: Could not copy "C:\Users\mateo\OneDrive\Desktop\BD2\Obligatorio_BD2\src\Ticketing.Infrastructure\bin\Debug\net10.0\Ticketing.Infrastructure.dll" to "bin\Debug\net10.0\Ticketing.Infrastructure.dll". Beginning retry 4 in 1000ms. The process cannot access the file 'C:\Users\mateo\OneDrive\Desktop\BD2\Obligatorio_BD2\src\Ticketing.Api\bin\Debug\net10.0\Ticketing.Infrastructure.dll' because it is being used by another process. The file is locked by: "Ticketing.Api (5092)" [C:\Users\mateo\OneDrive\Desktop\BD2\Obligatorio_BD2\src\Ticketing.Api\Ticketing.Api.csproj]
C:\Program Files\dotnet\sdk\10.0.301\Microsoft.Common.CurrentVersion.targets(5096,5): warning MSB3026: Could not copy "C:\Users\mateo\OneDrive\Desktop\BD2\Obligatorio_BD2\src\Ticketing.Contracts\bin\Debug\net10.0\Ticketing.Contracts.dll" to "bin\Debug\net10.0\Ticketing.Contracts.dll". Beginning retry 4 in 1000ms. The process cannot access the file 'C:\Users\mateo\OneDrive\Desktop\BD2\Obligatorio_BD2\src\Ticketing.Api\bin\Debug\net10.0\Ticketing.Contracts.dll' because it is being used by another process. The file is locked by: "Ticketing.Api (5092)" [C:\Users\mateo\OneDrive\Desktop\BD2\Obligatorio_BD2\src\Ticketing.Api\Ticketing.Api.csproj]
C:\Program Files\dotnet\sdk\10.0.301\Microsoft.Common.CurrentVersion.targets(5096,5): warning MSB3026: Could not copy "C:\Users\mateo\OneDrive\Desktop\BD2\Obligatorio_BD2\src\Ticketing.Domain\bin\Debug\net10.0\Ticketing.Domain.dll" to "bin\Debug\net10.0\Ticketing.Domain.dll". Beginning retry 4 in 1000ms. The process cannot access the file 'C:\Users\mateo\OneDrive\Desktop\BD2\Obligatorio_BD2\src\Ticketing.Api\bin\Debug\net10.0\Ticketing.Domain.dll' because it is being used by another process. The file is locked by: "Ticketing.Api (5092)" [C:\Users\mateo\OneDrive\Desktop\BD2\Obligatorio_BD2\src\Ticketing.Api\Ticketing.Api.csproj]
C:\Program Files\dotnet\sdk\10.0.301\Microsoft.Common.CurrentVersion.targets(5096,5): warning MSB3026: Could not copy "C:\Users\mateo\OneDrive\Desktop\BD2\Obligatorio_BD2\src\Ticketing.Application\bin\Debug\net10.0\Ticketing.Application.dll" to "bin\Debug\net10.0\Ticketing.Application.dll". Beginning retry 4 in 1000ms. The process cannot access the file 'C:\Users\mateo\OneDrive\Desktop\BD2\Obligatorio_BD2\src\Ticketing.Api\bin\Debug\net10.0\Ticketing.Application.dll' because it is being used by another process. The file is locked by: "Ticketing.Api (5092)" [C:\Users\mateo\OneDrive\Desktop\BD2\Obligatorio_BD2\src\Ticketing.Api\Ticketing.Api.csproj]
C:\Program Files\dotnet\sdk\10.0.301\Microsoft.Common.CurrentVersion.targets(5096,5): warning MSB3026: Could not copy "C:\Users\mateo\OneDrive\Desktop\BD2\Obligatorio_BD2\src\Ticketing.Infrastructure\bin\Debug\net10.0\Ticketing.Infrastructure.dll" to "bin\Debug\net10.0\Ticketing.Infrastructure.dll". Beginning retry 5 in 1000ms. The process cannot access the file 'C:\Users\mateo\OneDrive\Desktop\BD2\Obligatorio_BD2\src\Ticketing.Api\bin\Debug\net10.0\Ticketing.Infrastructure.dll' because it is being used by another process. The file is locked by: "Ticketing.Api (5092)" [C:\Users\mateo\OneDrive\Desktop\BD2\Obligatorio_BD2\src\Ticketing.Api\Ticketing.Api.csproj]
C:\Program Files\dotnet\sdk\10.0.301\Microsoft.Common.CurrentVersion.targets(5096,5): warning MSB3026: Could not copy "C:\Users\mateo\OneDrive\Desktop\BD2\Obligatorio_BD2\src\Ticketing.Contracts\bin\Debug\net10.0\Ticketing.Contracts.dll" to "bin\Debug\net10.0\Ticketing.Contracts.dll". Beginning retry 5 in 1000ms. The process cannot access the file 'C:\Users\mateo\OneDrive\Desktop\BD2\Obligatorio_BD2\src\Ticketing.Api\bin\Debug\net10.0\Ticketing.Contracts.dll' because it is being used by another process. The file is locked by: "Ticketing.Api (5092)" [C:\Users\mateo\OneDrive\Desktop\BD2\Obligatorio_BD2\src\Ticketing.Api\Ticketing.Api.csproj]
C:\Program Files\dotnet\sdk\10.0.301\Microsoft.Common.CurrentVersion.targets(5096,5): warning MSB3026: Could not copy "C:\Users\mateo\OneDrive\Desktop\BD2\Obligatorio_BD2\src\Ticketing.Domain\bin\Debug\net10.0\Ticketing.Domain.dll" to "bin\Debug\net10.0\Ticketing.Domain.dll". Beginning retry 5 in 1000ms. The process cannot access the file 'C:\Users\mateo\OneDrive\Desktop\BD2\Obligatorio_BD2\src\Ticketing.Api\bin\Debug\net10.0\Ticketing.Domain.dll' because it is being used by another process. The file is locked by: "Ticketing.Api (5092)" [C:\Users\mateo\OneDrive\Desktop\BD2\Obligatorio_BD2\src\Ticketing.Api\Ticketing.Api.csproj]
C:\Program Files\dotnet\sdk\10.0.301\Microsoft.Common.CurrentVersion.targets(5096,5): warning MSB3026: Could not copy "C:\Users\mateo\OneDrive\Desktop\BD2\Obligatorio_BD2\src\Ticketing.Application\bin\Debug\net10.0\Ticketing.Application.dll" to "bin\Debug\net10.0\Ticketing.Application.dll". Beginning retry 5 in 1000ms. The process cannot access the file 'C:\Users\mateo\OneDrive\Desktop\BD2\Obligatorio_BD2\src\Ticketing.Api\bin\Debug\net10.0\Ticketing.Application.dll' because it is being used by another process. The file is locked by: "Ticketing.Api (5092)" [C:\Users\mateo\OneDrive\Desktop\BD2\Obligatorio_BD2\src\Ticketing.Api\Ticketing.Api.csproj]
C:\Program Files\dotnet\sdk\10.0.301\Microsoft.Common.CurrentVersion.targets(5096,5): warning MSB3026: Could not copy "C:\Users\mateo\OneDrive\Desktop\BD2\Obligatorio_BD2\src\Ticketing.Infrastructure\bin\Debug\net10.0\Ticketing.Infrastructure.dll" to "bin\Debug\net10.0\Ticketing.Infrastructure.dll". Beginning retry 6 in 1000ms. The process cannot access the file 'C:\Users\mateo\OneDrive\Desktop\BD2\Obligatorio_BD2\src\Ticketing.Api\bin\Debug\net10.0\Ticketing.Infrastructure.dll' because it is being used by another process. The file is locked by: "Ticketing.Api (5092)" [C:\Users\mateo\OneDrive\Desktop\BD2\Obligatorio_BD2\src\Ticketing.Api\Ticketing.Api.csproj]
C:\Program Files\dotnet\sdk\10.0.301\Microsoft.Common.CurrentVersion.targets(5096,5): warning MSB3026: Could not copy "C:\Users\mateo\OneDrive\Desktop\BD2\Obligatorio_BD2\src\Ticketing.Contracts\bin\Debug\net10.0\Ticketing.Contracts.dll" to "bin\Debug\net10.0\Ticketing.Contracts.dll". Beginning retry 6 in 1000ms. The process cannot access the file 'C:\Users\mateo\OneDrive\Desktop\BD2\Obligatorio_BD2\src\Ticketing.Api\bin\Debug\net10.0\Ticketing.Contracts.dll' because it is being used by another process. The file is locked by: "Ticketing.Api (5092)" [C:\Users\mateo\OneDrive\Desktop\BD2\Obligatorio_BD2\src\Ticketing.Api\Ticketing.Api.csproj]
C:\Program Files\dotnet\sdk\10.0.301\Microsoft.Common.CurrentVersion.targets(5096,5): warning MSB3026: Could not copy "C:\Users\mateo\OneDrive\Desktop\BD2\Obligatorio_BD2\src\Ticketing.Domain\bin\Debug\net10.0\Ticketing.Domain.dll" to "bin\Debug\net10.0\Ticketing.Domain.dll". Beginning retry 6 in 1000ms. The process cannot access the file 'C:\Users\mateo\OneDrive\Desktop\BD2\Obligatorio_BD2\src\Ticketing.Api\bin\Debug\net10.0\Ticketing.Domain.dll' because it is being used by another process. The file is locked by: "Ticketing.Api (5092)" [C:\Users\mateo\OneDrive\Desktop\BD2\Obligatorio_BD2\src\Ticketing.Api\Ticketing.Api.csproj]
C:\Program Files\dotnet\sdk\10.0.301\Microsoft.Common.CurrentVersion.targets(5096,5): warning MSB3026: Could not copy "C:\Users\mateo\OneDrive\Desktop\BD2\Obligatorio_BD2\src\Ticketing.Application\bin\Debug\net10.0\Ticketing.Application.dll" to "bin\Debug\net10.0\Ticketing.Application.dll". Beginning retry 6 in 1000ms. The process cannot access the file 'C:\Users\mateo\OneDrive\Desktop\BD2\Obligatorio_BD2\src\Ticketing.Api\bin\Debug\net10.0\Ticketing.Application.dll' because it is being used by another process. The file is locked by: "Ticketing.Api (5092)" [C:\Users\mateo\OneDrive\Desktop\BD2\Obligatorio_BD2\src\Ticketing.Api\Ticketing.Api.csproj]
C:\Program Files\dotnet\sdk\10.0.301\Microsoft.Common.CurrentVersion.targets(5096,5): warning MSB3026: Could not copy "C:\Users\mateo\OneDrive\Desktop\BD2\Obligatorio_BD2\src\Ticketing.Infrastructure\bin\Debug\net10.0\Ticketing.Infrastructure.dll" to "bin\Debug\net10.0\Ticketing.Infrastructure.dll". Beginning retry 7 in 1000ms. The process cannot access the file 'C:\Users\mateo\OneDrive\Desktop\BD2\Obligatorio_BD2\src\Ticketing.Api\bin\Debug\net10.0\Ticketing.Infrastructure.dll' because it is being used by another process. The file is locked by: "Ticketing.Api (5092)" [C:\Users\mateo\OneDrive\Desktop\BD2\Obligatorio_BD2\src\Ticketing.Api\Ticketing.Api.csproj]
C:\Program Files\dotnet\sdk\10.0.301\Microsoft.Common.CurrentVersion.targets(5096,5): warning MSB3026: Could not copy "C:\Users\mateo\OneDrive\Desktop\BD2\Obligatorio_BD2\src\Ticketing.Contracts\bin\Debug\net10.0\Ticketing.Contracts.dll" to "bin\Debug\net10.0\Ticketing.Contracts.dll". Beginning retry 7 in 1000ms. The process cannot access the file 'C:\Users\mateo\OneDrive\Desktop\BD2\Obligatorio_BD2\src\Ticketing.Api\bin\Debug\net10.0\Ticketing.Contracts.dll' because it is being used by another process. The file is locked by: "Ticketing.Api (5092)" [C:\Users\mateo\OneDrive\Desktop\BD2\Obligatorio_BD2\src\Ticketing.Api\Ticketing.Api.csproj]
C:\Program Files\dotnet\sdk\10.0.301\Microsoft.Common.CurrentVersion.targets(5096,5): warning MSB3026: Could not copy "C:\Users\mateo\OneDrive\Desktop\BD2\Obligatorio_BD2\src\Ticketing.Domain\bin\Debug\net10.0\Ticketing.Domain.dll" to "bin\Debug\net10.0\Ticketing.Domain.dll". Beginning retry 7 in 1000ms. The process cannot access the file 'C:\Users\mateo\OneDrive\Desktop\BD2\Obligatorio_BD2\src\Ticketing.Api\bin\Debug\net10.0\Ticketing.Domain.dll' because it is being used by another process. The file is locked by: "Ticketing.Api (5092)" [C:\Users\mateo\OneDrive\Desktop\BD2\Obligatorio_BD2\src\Ticketing.Api\Ticketing.Api.csproj]
C:\Program Files\dotnet\sdk\10.0.301\Microsoft.Common.CurrentVersion.targets(5096,5): warning MSB3026: Could not copy "C:\Users\mateo\OneDrive\Desktop\BD2\Obligatorio_BD2\src\Ticketing.Application\bin\Debug\net10.0\Ticketing.Application.dll" to "bin\Debug\net10.0\Ticketing.Application.dll". Beginning retry 7 in 1000ms. The process cannot access the file 'C:\Users\mateo\OneDrive\Desktop\BD2\Obligatorio_BD2\src\Ticketing.Api\bin\Debug\net10.0\Ticketing.Application.dll' because it is being used by another process. The file is locked by: "Ticketing.Api (5092)" [C:\Users\mateo\OneDrive\Desktop\BD2\Obligatorio_BD2\src\Ticketing.Api\Ticketing.Api.csproj]
C:\Program Files\dotnet\sdk\10.0.301\Microsoft.Common.CurrentVersion.targets(5096,5): warning MSB3026: Could not copy "C:\Users\mateo\OneDrive\Desktop\BD2\Obligatorio_BD2\src\Ticketing.Infrastructure\bin\Debug\net10.0\Ticketing.Infrastructure.dll" to "bin\Debug\net10.0\Ticketing.Infrastructure.dll". Beginning retry 8 in 1000ms. The process cannot access the file 'C:\Users\mateo\OneDrive\Desktop\BD2\Obligatorio_BD2\src\Ticketing.Api\bin\Debug\net10.0\Ticketing.Infrastructure.dll' because it is being used by another process. The file is locked by: "Ticketing.Api (5092)" [C:\Users\mateo\OneDrive\Desktop\BD2\Obligatorio_BD2\src\Ticketing.Api\Ticketing.Api.csproj]
C:\Program Files\dotnet\sdk\10.0.301\Microsoft.Common.CurrentVersion.targets(5096,5): warning MSB3026: Could not copy "C:\Users\mateo\OneDrive\Desktop\BD2\Obligatorio_BD2\src\Ticketing.Contracts\bin\Debug\net10.0\Ticketing.Contracts.dll" to "bin\Debug\net10.0\Ticketing.Contracts.dll". Beginning retry 8 in 1000ms. The process cannot access the file 'C:\Users\mateo\OneDrive\Desktop\BD2\Obligatorio_BD2\src\Ticketing.Api\bin\Debug\net10.0\Ticketing.Contracts.dll' because it is being used by another process. The file is locked by: "Ticketing.Api (5092)" [C:\Users\mateo\OneDrive\Desktop\BD2\Obligatorio_BD2\src\Ticketing.Api\Ticketing.Api.csproj]
C:\Program Files\dotnet\sdk\10.0.301\Microsoft.Common.CurrentVersion.targets(5096,5): warning MSB3026: Could not copy "C:\Users\mateo\OneDrive\Desktop\BD2\Obligatorio_BD2\src\Ticketing.Domain\bin\Debug\net10.0\Ticketing.Domain.dll" to "bin\Debug\net10.0\Ticketing.Domain.dll". Beginning retry 8 in 1000ms. The process cannot access the file 'C:\Users\mateo\OneDrive\Desktop\BD2\Obligatorio_BD2\src\Ticketing.Api\bin\Debug\net10.0\Ticketing.Domain.dll' because it is being used by another process. The file is locked by: "Ticketing.Api (5092)" [C:\Users\mateo\OneDrive\Desktop\BD2\Obligatorio_BD2\src\Ticketing.Api\Ticketing.Api.csproj]
C:\Program Files\dotnet\sdk\10.0.301\Microsoft.Common.CurrentVersion.targets(5096,5): warning MSB3026: Could not copy "C:\Users\mateo\OneDrive\Desktop\BD2\Obligatorio_BD2\src\Ticketing.Application\bin\Debug\net10.0\Ticketing.Application.dll" to "bin\Debug\net10.0\Ticketing.Application.dll". Beginning retry 8 in 1000ms. The process cannot access the file 'C:\Users\mateo\OneDrive\Desktop\BD2\Obligatorio_BD2\src\Ticketing.Api\bin\Debug\net10.0\Ticketing.Application.dll' because it is being used by another process. The file is locked by: "Ticketing.Api (5092)" [C:\Users\mateo\OneDrive\Desktop\BD2\Obligatorio_BD2\src\Ticketing.Api\Ticketing.Api.csproj]
C:\Program Files\dotnet\sdk\10.0.301\Microsoft.Common.CurrentVersion.targets(5096,5): warning MSB3026: Could not copy "C:\Users\mateo\OneDrive\Desktop\BD2\Obligatorio_BD2\src\Ticketing.Infrastructure\bin\Debug\net10.0\Ticketing.Infrastructure.dll" to "bin\Debug\net10.0\Ticketing.Infrastructure.dll". Beginning retry 9 in 1000ms. The process cannot access the file 'C:\Users\mateo\OneDrive\Desktop\BD2\Obligatorio_BD2\src\Ticketing.Api\bin\Debug\net10.0\Ticketing.Infrastructure.dll' because it is being used by another process. The file is locked by: "Ticketing.Api (5092)" [C:\Users\mateo\OneDrive\Desktop\BD2\Obligatorio_BD2\src\Ticketing.Api\Ticketing.Api.csproj]
C:\Program Files\dotnet\sdk\10.0.301\Microsoft.Common.CurrentVersion.targets(5096,5): warning MSB3026: Could not copy "C:\Users\mateo\OneDrive\Desktop\BD2\Obligatorio_BD2\src\Ticketing.Contracts\bin\Debug\net10.0\Ticketing.Contracts.dll" to "bin\Debug\net10.0\Ticketing.Contracts.dll". Beginning retry 9 in 1000ms. The process cannot access the file 'C:\Users\mateo\OneDrive\Desktop\BD2\Obligatorio_BD2\src\Ticketing.Api\bin\Debug\net10.0\Ticketing.Contracts.dll' because it is being used by another process. The file is locked by: "Ticketing.Api (5092)" [C:\Users\mateo\OneDrive\Desktop\BD2\Obligatorio_BD2\src\Ticketing.Api\Ticketing.Api.csproj]
C:\Program Files\dotnet\sdk\10.0.301\Microsoft.Common.CurrentVersion.targets(5096,5): warning MSB3026: Could not copy "C:\Users\mateo\OneDrive\Desktop\BD2\Obligatorio_BD2\src\Ticketing.Domain\bin\Debug\net10.0\Ticketing.Domain.dll" to "bin\Debug\net10.0\Ticketing.Domain.dll". Beginning retry 9 in 1000ms. The process cannot access the file 'C:\Users\mateo\OneDrive\Desktop\BD2\Obligatorio_BD2\src\Ticketing.Api\bin\Debug\net10.0\Ticketing.Domain.dll' because it is being used by another process. The file is locked by: "Ticketing.Api (5092)" [C:\Users\mateo\OneDrive\Desktop\BD2\Obligatorio_BD2\src\Ticketing.Api\Ticketing.Api.csproj]
C:\Program Files\dotnet\sdk\10.0.301\Microsoft.Common.CurrentVersion.targets(5096,5): warning MSB3026: Could not copy "C:\Users\mateo\OneDrive\Desktop\BD2\Obligatorio_BD2\src\Ticketing.Application\bin\Debug\net10.0\Ticketing.Application.dll" to "bin\Debug\net10.0\Ticketing.Application.dll". Beginning retry 9 in 1000ms. The process cannot access the file 'C:\Users\mateo\OneDrive\Desktop\BD2\Obligatorio_BD2\src\Ticketing.Api\bin\Debug\net10.0\Ticketing.Application.dll' because it is being used by another process. The file is locked by: "Ticketing.Api (5092)" [C:\Users\mateo\OneDrive\Desktop\BD2\Obligatorio_BD2\src\Ticketing.Api\Ticketing.Api.csproj]
C:\Program Files\dotnet\sdk\10.0.301\Microsoft.Common.CurrentVersion.targets(5096,5): warning MSB3026: Could not copy "C:\Users\mateo\OneDrive\Desktop\BD2\Obligatorio_BD2\src\Ticketing.Infrastructure\bin\Debug\net10.0\Ticketing.Infrastructure.dll" to "bin\Debug\net10.0\Ticketing.Infrastructure.dll". Beginning retry 10 in 1000ms. The process cannot access the file 'C:\Users\mateo\OneDrive\Desktop\BD2\Obligatorio_BD2\src\Ticketing.Api\bin\Debug\net10.0\Ticketing.Infrastructure.dll' because it is being used by another process. The file is locked by: "Ticketing.Api (5092)" [C:\Users\mateo\OneDrive\Desktop\BD2\Obligatorio_BD2\src\Ticketing.Api\Ticketing.Api.csproj]
C:\Program Files\dotnet\sdk\10.0.301\Microsoft.Common.CurrentVersion.targets(5096,5): warning MSB3026: Could not copy "C:\Users\mateo\OneDrive\Desktop\BD2\Obligatorio_BD2\src\Ticketing.Contracts\bin\Debug\net10.0\Ticketing.Contracts.dll" to "bin\Debug\net10.0\Ticketing.Contracts.dll". Beginning retry 10 in 1000ms. The process cannot access the file 'C:\Users\mateo\OneDrive\Desktop\BD2\Obligatorio_BD2\src\Ticketing.Api\bin\Debug\net10.0\Ticketing.Contracts.dll' because it is being used by another process. The file is locked by: "Ticketing.Api (5092)" [C:\Users\mateo\OneDrive\Desktop\BD2\Obligatorio_BD2\src\Ticketing.Api\Ticketing.Api.csproj]
C:\Program Files\dotnet\sdk\10.0.301\Microsoft.Common.CurrentVersion.targets(5096,5): warning MSB3026: Could not copy "C:\Users\mateo\OneDrive\Desktop\BD2\Obligatorio_BD2\src\Ticketing.Domain\bin\Debug\net10.0\Ticketing.Domain.dll" to "bin\Debug\net10.0\Ticketing.Domain.dll". Beginning retry 10 in 1000ms. The process cannot access the file 'C:\Users\mateo\OneDrive\Desktop\BD2\Obligatorio_BD2\src\Ticketing.Api\bin\Debug\net10.0\Ticketing.Domain.dll' because it is being used by another process. The file is locked by: "Ticketing.Api (5092)" [C:\Users\mateo\OneDrive\Desktop\BD2\Obligatorio_BD2\src\Ticketing.Api\Ticketing.Api.csproj]
C:\Program Files\dotnet\sdk\10.0.301\Microsoft.Common.CurrentVersion.targets(5096,5): warning MSB3026: Could not copy "C:\Users\mateo\OneDrive\Desktop\BD2\Obligatorio_BD2\src\Ticketing.Application\bin\Debug\net10.0\Ticketing.Application.dll" to "bin\Debug\net10.0\Ticketing.Application.dll". Beginning retry 10 in 1000ms. The process cannot access the file 'C:\Users\mateo\OneDrive\Desktop\BD2\Obligatorio_BD2\src\Ticketing.Api\bin\Debug\net10.0\Ticketing.Application.dll' because it is being used by another process. The file is locked by: "Ticketing.Api (5092)" [C:\Users\mateo\OneDrive\Desktop\BD2\Obligatorio_BD2\src\Ticketing.Api\Ticketing.Api.csproj]
C:\Program Files\dotnet\sdk\10.0.301\Microsoft.Common.CurrentVersion.targets(5096,5): error MSB3027: Could not copy "C:\Users\mateo\OneDrive\Desktop\BD2\Obligatorio_BD2\src\Ticketing.Infrastructure\bin\Debug\net10.0\Ticketing.Infrastructure.dll" to "bin\Debug\net10.0\Ticketing.Infrastructure.dll". Exceeded retry count of 10. Failed. The file is locked by: "Ticketing.Api (5092)" [C:\Users\mateo\OneDrive\Desktop\BD2\Obligatorio_BD2\src\Ticketing.Api\Ticketing.Api.csproj]
C:\Program Files\dotnet\sdk\10.0.301\Microsoft.Common.CurrentVersion.targets(5096,5): error MSB3021: Unable to copy file "C:\Users\mateo\OneDrive\Desktop\BD2\Obligatorio_BD2\src\Ticketing.Infrastructure\bin\Debug\net10.0\Ticketing.Infrastructure.dll" to "bin\Debug\net10.0\Ticketing.Infrastructure.dll". The process cannot access the file 'C:\Users\mateo\OneDrive\Desktop\BD2\Obligatorio_BD2\src\Ticketing.Api\bin\Debug\net10.0\Ticketing.Infrastructure.dll' because it is being used by another process. [C:\Users\mateo\OneDrive\Desktop\BD2\Obligatorio_BD2\src\Ticketing.Api\Ticketing.Api.csproj]
C:\Program Files\dotnet\sdk\10.0.301\Microsoft.Common.CurrentVersion.targets(5096,5): error MSB3027: Could not copy "C:\Users\mateo\OneDrive\Desktop\BD2\Obligatorio_BD2\src\Ticketing.Contracts\bin\Debug\net10.0\Ticketing.Contracts.dll" to "bin\Debug\net10.0\Ticketing.Contracts.dll". Exceeded retry count of 10. Failed. The file is locked by: "Ticketing.Api (5092)" [C:\Users\mateo\OneDrive\Desktop\BD2\Obligatorio_BD2\src\Ticketing.Api\Ticketing.Api.csproj]
C:\Program Files\dotnet\sdk\10.0.301\Microsoft.Common.CurrentVersion.targets(5096,5): error MSB3021: Unable to copy file "C:\Users\mateo\OneDrive\Desktop\BD2\Obligatorio_BD2\src\Ticketing.Contracts\bin\Debug\net10.0\Ticketing.Contracts.dll" to "bin\Debug\net10.0\Ticketing.Contracts.dll". The process cannot access the file 'C:\Users\mateo\OneDrive\Desktop\BD2\Obligatorio_BD2\src\Ticketing.Api\bin\Debug\net10.0\Ticketing.Contracts.dll' because it is being used by another process. [C:\Users\mateo\OneDrive\Desktop\BD2\Obligatorio_BD2\src\Ticketing.Api\Ticketing.Api.csproj]
C:\Program Files\dotnet\sdk\10.0.301\Microsoft.Common.CurrentVersion.targets(5096,5): error MSB3027: Could not copy "C:\Users\mateo\OneDrive\Desktop\BD2\Obligatorio_BD2\src\Ticketing.Domain\bin\Debug\net10.0\Ticketing.Domain.dll" to "bin\Debug\net10.0\Ticketing.Domain.dll". Exceeded retry count of 10. Failed. The file is locked by: "Ticketing.Api (5092)" [C:\Users\mateo\OneDrive\Desktop\BD2\Obligatorio_BD2\src\Ticketing.Api\Ticketing.Api.csproj]
C:\Program Files\dotnet\sdk\10.0.301\Microsoft.Common.CurrentVersion.targets(5096,5): error MSB3021: Unable to copy file "C:\Users\mateo\OneDrive\Desktop\BD2\Obligatorio_BD2\src\Ticketing.Domain\bin\Debug\net10.0\Ticketing.Domain.dll" to "bin\Debug\net10.0\Ticketing.Domain.dll". The process cannot access the file 'C:\Users\mateo\OneDrive\Desktop\BD2\Obligatorio_BD2\src\Ticketing.Api\bin\Debug\net10.0\Ticketing.Domain.dll' because it is being used by another process. [C:\Users\mateo\OneDrive\Desktop\BD2\Obligatorio_BD2\src\Ticketing.Api\Ticketing.Api.csproj]
C:\Program Files\dotnet\sdk\10.0.301\Microsoft.Common.CurrentVersion.targets(5096,5): error MSB3027: Could not copy "C:\Users\mateo\OneDrive\Desktop\BD2\Obligatorio_BD2\src\Ticketing.Application\bin\Debug\net10.0\Ticketing.Application.dll" to "bin\Debug\net10.0\Ticketing.Application.dll". Exceeded retry count of 10. Failed. The file is locked by: "Ticketing.Api (5092)" [C:\Users\mateo\OneDrive\Desktop\BD2\Obligatorio_BD2\src\Ticketing.Api\Ticketing.Api.csproj]
C:\Program Files\dotnet\sdk\10.0.301\Microsoft.Common.CurrentVersion.targets(5096,5): error MSB3021: Unable to copy file "C:\Users\mateo\OneDrive\Desktop\BD2\Obligatorio_BD2\src\Ticketing.Application\bin\Debug\net10.0\Ticketing.Application.dll" to "bin\Debug\net10.0\Ticketing.Application.dll". The process cannot access the file 'C:\Users\mateo\OneDrive\Desktop\BD2\Obligatorio_BD2\src\Ticketing.Api\bin\Debug\net10.0\Ticketing.Application.dll' because it is being used by another process. [C:\Users\mateo\OneDrive\Desktop\BD2\Obligatorio_BD2\src\Ticketing.Api\Ticketing.Api.csproj]

Build FAILED.

C:\Users\mateo\OneDrive\Desktop\BD2\Obligatorio_BD2\src\Ticketing.Api\Ticketing.Api.csproj : warning NU1903: Package 'Newtonsoft.Json' 12.0.3 has a known high severity vulnerability, https://github.com/advisories/GHSA-5crp-9r3c-p9vr [C:\Users\mateo\OneDrive\Desktop\BD2\Obligatorio_BD2\Ticketing.sln]
C:\Users\mateo\OneDrive\Desktop\BD2\Obligatorio_BD2\src\Ticketing.Application\Ticketing.Application.csproj : warning NU1903: Package 'Newtonsoft.Json' 12.0.3 has a known high severity vulnerability, https://github.com/advisories/GHSA-5crp-9r3c-p9vr [C:\Users\mateo\OneDrive\Desktop\BD2\Obligatorio_BD2\Ticketing.sln]
C:\Users\mateo\OneDrive\Desktop\BD2\Obligatorio_BD2\src\Ticketing.Infrastructure\Ticketing.Infrastructure.csproj : warning NU1903: Package 'Newtonsoft.Json' 12.0.3 has a known high severity vulnerability, https://github.com/advisories/GHSA-5crp-9r3c-p9vr [C:\Users\mateo\OneDrive\Desktop\BD2\Obligatorio_BD2\Ticketing.sln]
C:\Users\mateo\OneDrive\Desktop\BD2\Obligatorio_BD2\src\Ticketing.Infrastructure\Ticketing.Infrastructure.csproj : warning NU1903: Package 'Newtonsoft.Json' 12.0.3 has a known high severity vulnerability, https://github.com/advisories/GHSA-5crp-9r3c-p9vr
C:\Users\mateo\OneDrive\Desktop\BD2\Obligatorio_BD2\src\Ticketing.Application\Ticketing.Application.csproj : warning NU1903: Package 'Newtonsoft.Json' 12.0.3 has a known high severity vulnerability, https://github.com/advisories/GHSA-5crp-9r3c-p9vr
C:\Users\mateo\OneDrive\Desktop\BD2\Obligatorio_BD2\src\Ticketing.Api\Ticketing.Api.csproj : warning NU1903: Package 'Newtonsoft.Json' 12.0.3 has a known high severity vulnerability, https://github.com/advisories/GHSA-5crp-9r3c-p9vr
C:\Program Files\dotnet\sdk\10.0.301\Microsoft.Common.CurrentVersion.targets(5096,5): warning MSB3026: Could not copy "C:\Users\mateo\OneDrive\Desktop\BD2\Obligatorio_BD2\src\Ticketing.Infrastructure\bin\Debug\net10.0\Ticketing.Infrastructure.dll" to "bin\Debug\net10.0\Ticketing.Infrastructure.dll". Beginning retry 1 in 1000ms. The process cannot access the file 'C:\Users\mateo\OneDrive\Desktop\BD2\Obligatorio_BD2\src\Ticketing.Api\bin\Debug\net10.0\Ticketing.Infrastructure.dll' because it is being used by another process. The file is locked by: "Ticketing.Api (5092)" [C:\Users\mateo\OneDrive\Desktop\BD2\Obligatorio_BD2\src\Ticketing.Api\Ticketing.Api.csproj]
C:\Program Files\dotnet\sdk\10.0.301\Microsoft.Common.CurrentVersion.targets(5096,5): warning MSB3026: Could not copy "C:\Users\mateo\OneDrive\Desktop\BD2\Obligatorio_BD2\src\Ticketing.Contracts\bin\Debug\net10.0\Ticketing.Contracts.dll" to "bin\Debug\net10.0\Ticketing.Contracts.dll". Beginning retry 1 in 1000ms. The process cannot access the file 'C:\Users\mateo\OneDrive\Desktop\BD2\Obligatorio_BD2\src\Ticketing.Api\bin\Debug\net10.0\Ticketing.Contracts.dll' because it is being used by another process. The file is locked by: "Ticketing.Api (5092)" [C:\Users\mateo\OneDrive\Desktop\BD2\Obligatorio_BD2\src\Ticketing.Api\Ticketing.Api.csproj]
C:\Program Files\dotnet\sdk\10.0.301\Microsoft.Common.CurrentVersion.targets(5096,5): warning MSB3026: Could not copy "C:\Users\mateo\OneDrive\Desktop\BD2\Obligatorio_BD2\src\Ticketing.Domain\bin\Debug\net10.0\Ticketing.Domain.dll" to "bin\Debug\net10.0\Ticketing.Domain.dll". Beginning retry 1 in 1000ms. The process cannot access the file 'C:\Users\mateo\OneDrive\Desktop\BD2\Obligatorio_BD2\src\Ticketing.Api\bin\Debug\net10.0\Ticketing.Domain.dll' because it is being used by another process. The file is locked by: "Ticketing.Api (5092)" [C:\Users\mateo\OneDrive\Desktop\BD2\Obligatorio_BD2\src\Ticketing.Api\Ticketing.Api.csproj]
C:\Program Files\dotnet\sdk\10.0.301\Microsoft.Common.CurrentVersion.targets(5096,5): warning MSB3026: Could not copy "C:\Users\mateo\OneDrive\Desktop\BD2\Obligatorio_BD2\src\Ticketing.Application\bin\Debug\net10.0\Ticketing.Application.dll" to "bin\Debug\net10.0\Ticketing.Application.dll". Beginning retry 1 in 1000ms. The process cannot access the file 'C:\Users\mateo\OneDrive\Desktop\BD2\Obligatorio_BD2\src\Ticketing.Api\bin\Debug\net10.0\Ticketing.Application.dll' because it is being used by another process. The file is locked by: "Ticketing.Api (5092)" [C:\Users\mateo\OneDrive\Desktop\BD2\Obligatorio_BD2\src\Ticketing.Api\Ticketing.Api.csproj]
C:\Program Files\dotnet\sdk\10.0.301\Microsoft.Common.CurrentVersion.targets(5096,5): warning MSB3026: Could not copy "C:\Users\mateo\OneDrive\Desktop\BD2\Obligatorio_BD2\src\Ticketing.Infrastructure\bin\Debug\net10.0\Ticketing.Infrastructure.dll" to "bin\Debug\net10.0\Ticketing.Infrastructure.dll". Beginning retry 2 in 1000ms. The process cannot access the file 'C:\Users\mateo\OneDrive\Desktop\BD2\Obligatorio_BD2\src\Ticketing.Api\bin\Debug\net10.0\Ticketing.Infrastructure.dll' because it is being used by another process. The file is locked by: "Ticketing.Api (5092)" [C:\Users\mateo\OneDrive\Desktop\BD2\Obligatorio_BD2\src\Ticketing.Api\Ticketing.Api.csproj]
C:\Program Files\dotnet\sdk\10.0.301\Microsoft.Common.CurrentVersion.targets(5096,5): warning MSB3026: Could not copy "C:\Users\mateo\OneDrive\Desktop\BD2\Obligatorio_BD2\src\Ticketing.Contracts\bin\Debug\net10.0\Ticketing.Contracts.dll" to "bin\Debug\net10.0\Ticketing.Contracts.dll". Beginning retry 2 in 1000ms. The process cannot access the file 'C:\Users\mateo\OneDrive\Desktop\BD2\Obligatorio_BD2\src\Ticketing.Api\bin\Debug\net10.0\Ticketing.Contracts.dll' because it is being used by another process. The file is locked by: "Ticketing.Api (5092)" [C:\Users\mateo\OneDrive\Desktop\BD2\Obligatorio_BD2\src\Ticketing.Api\Ticketing.Api.csproj]
C:\Program Files\dotnet\sdk\10.0.301\Microsoft.Common.CurrentVersion.targets(5096,5): warning MSB3026: Could not copy "C:\Users\mateo\OneDrive\Desktop\BD2\Obligatorio_BD2\src\Ticketing.Domain\bin\Debug\net10.0\Ticketing.Domain.dll" to "bin\Debug\net10.0\Ticketing.Domain.dll". Beginning retry 2 in 1000ms. The process cannot access the file 'C:\Users\mateo\OneDrive\Desktop\BD2\Obligatorio_BD2\src\Ticketing.Api\bin\Debug\net10.0\Ticketing.Domain.dll' because it is being used by another process. The file is locked by: "Ticketing.Api (5092)" [C:\Users\mateo\OneDrive\Desktop\BD2\Obligatorio_BD2\src\Ticketing.Api\Ticketing.Api.csproj]
C:\Program Files\dotnet\sdk\10.0.301\Microsoft.Common.CurrentVersion.targets(5096,5): warning MSB3026: Could not copy "C:\Users\mateo\OneDrive\Desktop\BD2\Obligatorio_BD2\src\Ticketing.Application\bin\Debug\net10.0\Ticketing.Application.dll" to "bin\Debug\net10.0\Ticketing.Application.dll". Beginning retry 2 in 1000ms. The process cannot access the file 'C:\Users\mateo\OneDrive\Desktop\BD2\Obligatorio_BD2\src\Ticketing.Api\bin\Debug\net10.0\Ticketing.Application.dll' because it is being used by another process. The file is locked by: "Ticketing.Api (5092)" [C:\Users\mateo\OneDrive\Desktop\BD2\Obligatorio_BD2\src\Ticketing.Api\Ticketing.Api.csproj]
C:\Program Files\dotnet\sdk\10.0.301\Microsoft.Common.CurrentVersion.targets(5096,5): warning MSB3026: Could not copy "C:\Users\mateo\OneDrive\Desktop\BD2\Obligatorio_BD2\src\Ticketing.Infrastructure\bin\Debug\net10.0\Ticketing.Infrastructure.dll" to "bin\Debug\net10.0\Ticketing.Infrastructure.dll". Beginning retry 3 in 1000ms. The process cannot access the file 'C:\Users\mateo\OneDrive\Desktop\BD2\Obligatorio_BD2\src\Ticketing.Api\bin\Debug\net10.0\Ticketing.Infrastructure.dll' because it is being used by another process. The file is locked by: "Ticketing.Api (5092)" [C:\Users\mateo\OneDrive\Desktop\BD2\Obligatorio_BD2\src\Ticketing.Api\Ticketing.Api.csproj]
C:\Program Files\dotnet\sdk\10.0.301\Microsoft.Common.CurrentVersion.targets(5096,5): warning MSB3026: Could not copy "C:\Users\mateo\OneDrive\Desktop\BD2\Obligatorio_BD2\src\Ticketing.Contracts\bin\Debug\net10.0\Ticketing.Contracts.dll" to "bin\Debug\net10.0\Ticketing.Contracts.dll". Beginning retry 3 in 1000ms. The process cannot access the file 'C:\Users\mateo\OneDrive\Desktop\BD2\Obligatorio_BD2\src\Ticketing.Api\bin\Debug\net10.0\Ticketing.Contracts.dll' because it is being used by another process. The file is locked by: "Ticketing.Api (5092)" [C:\Users\mateo\OneDrive\Desktop\BD2\Obligatorio_BD2\src\Ticketing.Api\Ticketing.Api.csproj]
C:\Program Files\dotnet\sdk\10.0.301\Microsoft.Common.CurrentVersion.targets(5096,5): warning MSB3026: Could not copy "C:\Users\mateo\OneDrive\Desktop\BD2\Obligatorio_BD2\src\Ticketing.Domain\bin\Debug\net10.0\Ticketing.Domain.dll" to "bin\Debug\net10.0\Ticketing.Domain.dll". Beginning retry 3 in 1000ms. The process cannot access the file 'C:\Users\mateo\OneDrive\Desktop\BD2\Obligatorio_BD2\src\Ticketing.Api\bin\Debug\net10.0\Ticketing.Domain.dll' because it is being used by another process. The file is locked by: "Ticketing.Api (5092)" [C:\Users\mateo\OneDrive\Desktop\BD2\Obligatorio_BD2\src\Ticketing.Api\Ticketing.Api.csproj]
C:\Program Files\dotnet\sdk\10.0.301\Microsoft.Common.CurrentVersion.targets(5096,5): warning MSB3026: Could not copy "C:\Users\mateo\OneDrive\Desktop\BD2\Obligatorio_BD2\src\Ticketing.Application\bin\Debug\net10.0\Ticketing.Application.dll" to "bin\Debug\net10.0\Ticketing.Application.dll". Beginning retry 3 in 1000ms. The process cannot access the file 'C:\Users\mateo\OneDrive\Desktop\BD2\Obligatorio_BD2\src\Ticketing.Api\bin\Debug\net10.0\Ticketing.Application.dll' because it is being used by another process. The file is locked by: "Ticketing.Api (5092)" [C:\Users\mateo\OneDrive\Desktop\BD2\Obligatorio_BD2\src\Ticketing.Api\Ticketing.Api.csproj]
C:\Program Files\dotnet\sdk\10.0.301\Microsoft.Common.CurrentVersion.targets(5096,5): warning MSB3026: Could not copy "C:\Users\mateo\OneDrive\Desktop\BD2\Obligatorio_BD2\src\Ticketing.Infrastructure\bin\Debug\net10.0\Ticketing.Infrastructure.dll" to "bin\Debug\net10.0\Ticketing.Infrastructure.dll". Beginning retry 4 in 1000ms. The process cannot access the file 'C:\Users\mateo\OneDrive\Desktop\BD2\Obligatorio_BD2\src\Ticketing.Api\bin\Debug\net10.0\Ticketing.Infrastructure.dll' because it is being used by another process. The file is locked by: "Ticketing.Api (5092)" [C:\Users\mateo\OneDrive\Desktop\BD2\Obligatorio_BD2\src\Ticketing.Api\Ticketing.Api.csproj]
C:\Program Files\dotnet\sdk\10.0.301\Microsoft.Common.CurrentVersion.targets(5096,5): warning MSB3026: Could not copy "C:\Users\mateo\OneDrive\Desktop\BD2\Obligatorio_BD2\src\Ticketing.Contracts\bin\Debug\net10.0\Ticketing.Contracts.dll" to "bin\Debug\net10.0\Ticketing.Contracts.dll". Beginning retry 4 in 1000ms. The process cannot access the file 'C:\Users\mateo\OneDrive\Desktop\BD2\Obligatorio_BD2\src\Ticketing.Api\bin\Debug\net10.0\Ticketing.Contracts.dll' because it is being used by another process. The file is locked by: "Ticketing.Api (5092)" [C:\Users\mateo\OneDrive\Desktop\BD2\Obligatorio_BD2\src\Ticketing.Api\Ticketing.Api.csproj]
C:\Program Files\dotnet\sdk\10.0.301\Microsoft.Common.CurrentVersion.targets(5096,5): warning MSB3026: Could not copy "C:\Users\mateo\OneDrive\Desktop\BD2\Obligatorio_BD2\src\Ticketing.Domain\bin\Debug\net10.0\Ticketing.Domain.dll" to "bin\Debug\net10.0\Ticketing.Domain.dll". Beginning retry 4 in 1000ms. The process cannot access the file 'C:\Users\mateo\OneDrive\Desktop\BD2\Obligatorio_BD2\src\Ticketing.Api\bin\Debug\net10.0\Ticketing.Domain.dll' because it is being used by another process. The file is locked by: "Ticketing.Api (5092)" [C:\Users\mateo\OneDrive\Desktop\BD2\Obligatorio_BD2\src\Ticketing.Api\Ticketing.Api.csproj]
C:\Program Files\dotnet\sdk\10.0.301\Microsoft.Common.CurrentVersion.targets(5096,5): warning MSB3026: Could not copy "C:\Users\mateo\OneDrive\Desktop\BD2\Obligatorio_BD2\src\Ticketing.Application\bin\Debug\net10.0\Ticketing.Application.dll" to "bin\Debug\net10.0\Ticketing.Application.dll". Beginning retry 4 in 1000ms. The process cannot access the file 'C:\Users\mateo\OneDrive\Desktop\BD2\Obligatorio_BD2\src\Ticketing.Api\bin\Debug\net10.0\Ticketing.Application.dll' because it is being used by another process. The file is locked by: "Ticketing.Api (5092)" [C:\Users\mateo\OneDrive\Desktop\BD2\Obligatorio_BD2\src\Ticketing.Api\Ticketing.Api.csproj]
C:\Program Files\dotnet\sdk\10.0.301\Microsoft.Common.CurrentVersion.targets(5096,5): warning MSB3026: Could not copy "C:\Users\mateo\OneDrive\Desktop\BD2\Obligatorio_BD2\src\Ticketing.Infrastructure\bin\Debug\net10.0\Ticketing.Infrastructure.dll" to "bin\Debug\net10.0\Ticketing.Infrastructure.dll". Beginning retry 5 in 1000ms. The process cannot access the file 'C:\Users\mateo\OneDrive\Desktop\BD2\Obligatorio_BD2\src\Ticketing.Api\bin\Debug\net10.0\Ticketing.Infrastructure.dll' because it is being used by another process. The file is locked by: "Ticketing.Api (5092)" [C:\Users\mateo\OneDrive\Desktop\BD2\Obligatorio_BD2\src\Ticketing.Api\Ticketing.Api.csproj]
C:\Program Files\dotnet\sdk\10.0.301\Microsoft.Common.CurrentVersion.targets(5096,5): warning MSB3026: Could not copy "C:\Users\mateo\OneDrive\Desktop\BD2\Obligatorio_BD2\src\Ticketing.Contracts\bin\Debug\net10.0\Ticketing.Contracts.dll" to "bin\Debug\net10.0\Ticketing.Contracts.dll". Beginning retry 5 in 1000ms. The process cannot access the file 'C:\Users\mateo\OneDrive\Desktop\BD2\Obligatorio_BD2\src\Ticketing.Api\bin\Debug\net10.0\Ticketing.Contracts.dll' because it is being used by another process. The file is locked by: "Ticketing.Api (5092)" [C:\Users\mateo\OneDrive\Desktop\BD2\Obligatorio_BD2\src\Ticketing.Api\Ticketing.Api.csproj]
C:\Program Files\dotnet\sdk\10.0.301\Microsoft.Common.CurrentVersion.targets(5096,5): warning MSB3026: Could not copy "C:\Users\mateo\OneDrive\Desktop\BD2\Obligatorio_BD2\src\Ticketing.Domain\bin\Debug\net10.0\Ticketing.Domain.dll" to "bin\Debug\net10.0\Ticketing.Domain.dll". Beginning retry 5 in 1000ms. The process cannot access the file 'C:\Users\mateo\OneDrive\Desktop\BD2\Obligatorio_BD2\src\Ticketing.Api\bin\Debug\net10.0\Ticketing.Domain.dll' because it is being used by another process. The file is locked by: "Ticketing.Api (5092)" [C:\Users\mateo\OneDrive\Desktop\BD2\Obligatorio_BD2\src\Ticketing.Api\Ticketing.Api.csproj]
C:\Program Files\dotnet\sdk\10.0.301\Microsoft.Common.CurrentVersion.targets(5096,5): warning MSB3026: Could not copy "C:\Users\mateo\OneDrive\Desktop\BD2\Obligatorio_BD2\src\Ticketing.Application\bin\Debug\net10.0\Ticketing.Application.dll" to "bin\Debug\net10.0\Ticketing.Application.dll". Beginning retry 5 in 1000ms. The process cannot access the file 'C:\Users\mateo\OneDrive\Desktop\BD2\Obligatorio_BD2\src\Ticketing.Api\bin\Debug\net10.0\Ticketing.Application.dll' because it is being used by another process. The file is locked by: "Ticketing.Api (5092)" [C:\Users\mateo\OneDrive\Desktop\BD2\Obligatorio_BD2\src\Ticketing.Api\Ticketing.Api.csproj]
C:\Program Files\dotnet\sdk\10.0.301\Microsoft.Common.CurrentVersion.targets(5096,5): warning MSB3026: Could not copy "C:\Users\mateo\OneDrive\Desktop\BD2\Obligatorio_BD2\src\Ticketing.Infrastructure\bin\Debug\net10.0\Ticketing.Infrastructure.dll" to "bin\Debug\net10.0\Ticketing.Infrastructure.dll". Beginning retry 6 in 1000ms. The process cannot access the file 'C:\Users\mateo\OneDrive\Desktop\BD2\Obligatorio_BD2\src\Ticketing.Api\bin\Debug\net10.0\Ticketing.Infrastructure.dll' because it is being used by another process. The file is locked by: "Ticketing.Api (5092)" [C:\Users\mateo\OneDrive\Desktop\BD2\Obligatorio_BD2\src\Ticketing.Api\Ticketing.Api.csproj]
C:\Program Files\dotnet\sdk\10.0.301\Microsoft.Common.CurrentVersion.targets(5096,5): warning MSB3026: Could not copy "C:\Users\mateo\OneDrive\Desktop\BD2\Obligatorio_BD2\src\Ticketing.Contracts\bin\Debug\net10.0\Ticketing.Contracts.dll" to "bin\Debug\net10.0\Ticketing.Contracts.dll". Beginning retry 6 in 1000ms. The process cannot access the file 'C:\Users\mateo\OneDrive\Desktop\BD2\Obligatorio_BD2\src\Ticketing.Api\bin\Debug\net10.0\Ticketing.Contracts.dll' because it is being used by another process. The file is locked by: "Ticketing.Api (5092)" [C:\Users\mateo\OneDrive\Desktop\BD2\Obligatorio_BD2\src\Ticketing.Api\Ticketing.Api.csproj]
C:\Program Files\dotnet\sdk\10.0.301\Microsoft.Common.CurrentVersion.targets(5096,5): warning MSB3026: Could not copy "C:\Users\mateo\OneDrive\Desktop\BD2\Obligatorio_BD2\src\Ticketing.Domain\bin\Debug\net10.0\Ticketing.Domain.dll" to "bin\Debug\net10.0\Ticketing.Domain.dll". Beginning retry 6 in 1000ms. The process cannot access the file 'C:\Users\mateo\OneDrive\Desktop\BD2\Obligatorio_BD2\src\Ticketing.Api\bin\Debug\net10.0\Ticketing.Domain.dll' because it is being used by another process. The file is locked by: "Ticketing.Api (5092)" [C:\Users\mateo\OneDrive\Desktop\BD2\Obligatorio_BD2\src\Ticketing.Api\Ticketing.Api.csproj]
C:\Program Files\dotnet\sdk\10.0.301\Microsoft.Common.CurrentVersion.targets(5096,5): warning MSB3026: Could not copy "C:\Users\mateo\OneDrive\Desktop\BD2\Obligatorio_BD2\src\Ticketing.Application\bin\Debug\net10.0\Ticketing.Application.dll" to "bin\Debug\net10.0\Ticketing.Application.dll". Beginning retry 6 in 1000ms. The process cannot access the file 'C:\Users\mateo\OneDrive\Desktop\BD2\Obligatorio_BD2\src\Ticketing.Api\bin\Debug\net10.0\Ticketing.Application.dll' because it is being used by another process. The file is locked by: "Ticketing.Api (5092)" [C:\Users\mateo\OneDrive\Desktop\BD2\Obligatorio_BD2\src\Ticketing.Api\Ticketing.Api.csproj]
C:\Program Files\dotnet\sdk\10.0.301\Microsoft.Common.CurrentVersion.targets(5096,5): warning MSB3026: Could not copy "C:\Users\mateo\OneDrive\Desktop\BD2\Obligatorio_BD2\src\Ticketing.Infrastructure\bin\Debug\net10.0\Ticketing.Infrastructure.dll" to "bin\Debug\net10.0\Ticketing.Infrastructure.dll". Beginning retry 7 in 1000ms. The process cannot access the file 'C:\Users\mateo\OneDrive\Desktop\BD2\Obligatorio_BD2\src\Ticketing.Api\bin\Debug\net10.0\Ticketing.Infrastructure.dll' because it is being used by another process. The file is locked by: "Ticketing.Api (5092)" [C:\Users\mateo\OneDrive\Desktop\BD2\Obligatorio_BD2\src\Ticketing.Api\Ticketing.Api.csproj]
C:\Program Files\dotnet\sdk\10.0.301\Microsoft.Common.CurrentVersion.targets(5096,5): warning MSB3026: Could not copy "C:\Users\mateo\OneDrive\Desktop\BD2\Obligatorio_BD2\src\Ticketing.Contracts\bin\Debug\net10.0\Ticketing.Contracts.dll" to "bin\Debug\net10.0\Ticketing.Contracts.dll". Beginning retry 7 in 1000ms. The process cannot access the file 'C:\Users\mateo\OneDrive\Desktop\BD2\Obligatorio_BD2\src\Ticketing.Api\bin\Debug\net10.0\Ticketing.Contracts.dll' because it is being used by another process. The file is locked by: "Ticketing.Api (5092)" [C:\Users\mateo\OneDrive\Desktop\BD2\Obligatorio_BD2\src\Ticketing.Api\Ticketing.Api.csproj]
C:\Program Files\dotnet\sdk\10.0.301\Microsoft.Common.CurrentVersion.targets(5096,5): warning MSB3026: Could not copy "C:\Users\mateo\OneDrive\Desktop\BD2\Obligatorio_BD2\src\Ticketing.Domain\bin\Debug\net10.0\Ticketing.Domain.dll" to "bin\Debug\net10.0\Ticketing.Domain.dll". Beginning retry 7 in 1000ms. The process cannot access the file 'C:\Users\mateo\OneDrive\Desktop\BD2\Obligatorio_BD2\src\Ticketing.Api\bin\Debug\net10.0\Ticketing.Domain.dll' because it is being used by another process. The file is locked by: "Ticketing.Api (5092)" [C:\Users\mateo\OneDrive\Desktop\BD2\Obligatorio_BD2\src\Ticketing.Api\Ticketing.Api.csproj]
C:\Program Files\dotnet\sdk\10.0.301\Microsoft.Common.CurrentVersion.targets(5096,5): warning MSB3026: Could not copy "C:\Users\mateo\OneDrive\Desktop\BD2\Obligatorio_BD2\src\Ticketing.Application\bin\Debug\net10.0\Ticketing.Application.dll" to "bin\Debug\net10.0\Ticketing.Application.dll". Beginning retry 7 in 1000ms. The process cannot access the file 'C:\Users\mateo\OneDrive\Desktop\BD2\Obligatorio_BD2\src\Ticketing.Api\bin\Debug\net10.0\Ticketing.Application.dll' because it is being used by another process. The file is locked by: "Ticketing.Api (5092)" [C:\Users\mateo\OneDrive\Desktop\BD2\Obligatorio_BD2\src\Ticketing.Api\Ticketing.Api.csproj]
C:\Program Files\dotnet\sdk\10.0.301\Microsoft.Common.CurrentVersion.targets(5096,5): warning MSB3026: Could not copy "C:\Users\mateo\OneDrive\Desktop\BD2\Obligatorio_BD2\src\Ticketing.Infrastructure\bin\Debug\net10.0\Ticketing.Infrastructure.dll" to "bin\Debug\net10.0\Ticketing.Infrastructure.dll". Beginning retry 8 in 1000ms. The process cannot access the file 'C:\Users\mateo\OneDrive\Desktop\BD2\Obligatorio_BD2\src\Ticketing.Api\bin\Debug\net10.0\Ticketing.Infrastructure.dll' because it is being used by another process. The file is locked by: "Ticketing.Api (5092)" [C:\Users\mateo\OneDrive\Desktop\BD2\Obligatorio_BD2\src\Ticketing.Api\Ticketing.Api.csproj]
C:\Program Files\dotnet\sdk\10.0.301\Microsoft.Common.CurrentVersion.targets(5096,5): warning MSB3026: Could not copy "C:\Users\mateo\OneDrive\Desktop\BD2\Obligatorio_BD2\src\Ticketing.Contracts\bin\Debug\net10.0\Ticketing.Contracts.dll" to "bin\Debug\net10.0\Ticketing.Contracts.dll". Beginning retry 8 in 1000ms. The process cannot access the file 'C:\Users\mateo\OneDrive\Desktop\BD2\Obligatorio_BD2\src\Ticketing.Api\bin\Debug\net10.0\Ticketing.Contracts.dll' because it is being used by another process. The file is locked by: "Ticketing.Api (5092)" [C:\Users\mateo\OneDrive\Desktop\BD2\Obligatorio_BD2\src\Ticketing.Api\Ticketing.Api.csproj]
C:\Program Files\dotnet\sdk\10.0.301\Microsoft.Common.CurrentVersion.targets(5096,5): warning MSB3026: Could not copy "C:\Users\mateo\OneDrive\Desktop\BD2\Obligatorio_BD2\src\Ticketing.Domain\bin\Debug\net10.0\Ticketing.Domain.dll" to "bin\Debug\net10.0\Ticketing.Domain.dll". Beginning retry 8 in 1000ms. The process cannot access the file 'C:\Users\mateo\OneDrive\Desktop\BD2\Obligatorio_BD2\src\Ticketing.Api\bin\Debug\net10.0\Ticketing.Domain.dll' because it is being used by another process. The file is locked by: "Ticketing.Api (5092)" [C:\Users\mateo\OneDrive\Desktop\BD2\Obligatorio_BD2\src\Ticketing.Api\Ticketing.Api.csproj]
C:\Program Files\dotnet\sdk\10.0.301\Microsoft.Common.CurrentVersion.targets(5096,5): warning MSB3026: Could not copy "C:\Users\mateo\OneDrive\Desktop\BD2\Obligatorio_BD2\src\Ticketing.Application\bin\Debug\net10.0\Ticketing.Application.dll" to "bin\Debug\net10.0\Ticketing.Application.dll". Beginning retry 8 in 1000ms. The process cannot access the file 'C:\Users\mateo\OneDrive\Desktop\BD2\Obligatorio_BD2\src\Ticketing.Api\bin\Debug\net10.0\Ticketing.Application.dll' because it is being used by another process. The file is locked by: "Ticketing.Api (5092)" [C:\Users\mateo\OneDrive\Desktop\BD2\Obligatorio_BD2\src\Ticketing.Api\Ticketing.Api.csproj]
C:\Program Files\dotnet\sdk\10.0.301\Microsoft.Common.CurrentVersion.targets(5096,5): warning MSB3026: Could not copy "C:\Users\mateo\OneDrive\Desktop\BD2\Obligatorio_BD2\src\Ticketing.Infrastructure\bin\Debug\net10.0\Ticketing.Infrastructure.dll" to "bin\Debug\net10.0\Ticketing.Infrastructure.dll". Beginning retry 9 in 1000ms. The process cannot access the file 'C:\Users\mateo\OneDrive\Desktop\BD2\Obligatorio_BD2\src\Ticketing.Api\bin\Debug\net10.0\Ticketing.Infrastructure.dll' because it is being used by another process. The file is locked by: "Ticketing.Api (5092)" [C:\Users\mateo\OneDrive\Desktop\BD2\Obligatorio_BD2\src\Ticketing.Api\Ticketing.Api.csproj]
C:\Program Files\dotnet\sdk\10.0.301\Microsoft.Common.CurrentVersion.targets(5096,5): warning MSB3026: Could not copy "C:\Users\mateo\OneDrive\Desktop\BD2\Obligatorio_BD2\src\Ticketing.Contracts\bin\Debug\net10.0\Ticketing.Contracts.dll" to "bin\Debug\net10.0\Ticketing.Contracts.dll". Beginning retry 9 in 1000ms. The process cannot access the file 'C:\Users\mateo\OneDrive\Desktop\BD2\Obligatorio_BD2\src\Ticketing.Api\bin\Debug\net10.0\Ticketing.Contracts.dll' because it is being used by another process. The file is locked by: "Ticketing.Api (5092)" [C:\Users\mateo\OneDrive\Desktop\BD2\Obligatorio_BD2\src\Ticketing.Api\Ticketing.Api.csproj]
C:\Program Files\dotnet\sdk\10.0.301\Microsoft.Common.CurrentVersion.targets(5096,5): warning MSB3026: Could not copy "C:\Users\mateo\OneDrive\Desktop\BD2\Obligatorio_BD2\src\Ticketing.Domain\bin\Debug\net10.0\Ticketing.Domain.dll" to "bin\Debug\net10.0\Ticketing.Domain.dll". Beginning retry 9 in 1000ms. The process cannot access the file 'C:\Users\mateo\OneDrive\Desktop\BD2\Obligatorio_BD2\src\Ticketing.Api\bin\Debug\net10.0\Ticketing.Domain.dll' because it is being used by another process. The file is locked by: "Ticketing.Api (5092)" [C:\Users\mateo\OneDrive\Desktop\BD2\Obligatorio_BD2\src\Ticketing.Api\Ticketing.Api.csproj]
C:\Program Files\dotnet\sdk\10.0.301\Microsoft.Common.CurrentVersion.targets(5096,5): warning MSB3026: Could not copy "C:\Users\mateo\OneDrive\Desktop\BD2\Obligatorio_BD2\src\Ticketing.Application\bin\Debug\net10.0\Ticketing.Application.dll" to "bin\Debug\net10.0\Ticketing.Application.dll". Beginning retry 9 in 1000ms. The process cannot access the file 'C:\Users\mateo\OneDrive\Desktop\BD2\Obligatorio_BD2\src\Ticketing.Api\bin\Debug\net10.0\Ticketing.Application.dll' because it is being used by another process. The file is locked by: "Ticketing.Api (5092)" [C:\Users\mateo\OneDrive\Desktop\BD2\Obligatorio_BD2\src\Ticketing.Api\Ticketing.Api.csproj]
C:\Program Files\dotnet\sdk\10.0.301\Microsoft.Common.CurrentVersion.targets(5096,5): warning MSB3026: Could not copy "C:\Users\mateo\OneDrive\Desktop\BD2\Obligatorio_BD2\src\Ticketing.Infrastructure\bin\Debug\net10.0\Ticketing.Infrastructure.dll" to "bin\Debug\net10.0\Ticketing.Infrastructure.dll". Beginning retry 10 in 1000ms. The process cannot access the file 'C:\Users\mateo\OneDrive\Desktop\BD2\Obligatorio_BD2\src\Ticketing.Api\bin\Debug\net10.0\Ticketing.Infrastructure.dll' because it is being used by another process. The file is locked by: "Ticketing.Api (5092)" [C:\Users\mateo\OneDrive\Desktop\BD2\Obligatorio_BD2\src\Ticketing.Api\Ticketing.Api.csproj]
C:\Program Files\dotnet\sdk\10.0.301\Microsoft.Common.CurrentVersion.targets(5096,5): warning MSB3026: Could not copy "C:\Users\mateo\OneDrive\Desktop\BD2\Obligatorio_BD2\src\Ticketing.Contracts\bin\Debug\net10.0\Ticketing.Contracts.dll" to "bin\Debug\net10.0\Ticketing.Contracts.dll". Beginning retry 10 in 1000ms. The process cannot access the file 'C:\Users\mateo\OneDrive\Desktop\BD2\Obligatorio_BD2\src\Ticketing.Api\bin\Debug\net10.0\Ticketing.Contracts.dll' because it is being used by another process. The file is locked by: "Ticketing.Api (5092)" [C:\Users\mateo\OneDrive\Desktop\BD2\Obligatorio_BD2\src\Ticketing.Api\Ticketing.Api.csproj]
C:\Program Files\dotnet\sdk\10.0.301\Microsoft.Common.CurrentVersion.targets(5096,5): warning MSB3026: Could not copy "C:\Users\mateo\OneDrive\Desktop\BD2\Obligatorio_BD2\src\Ticketing.Domain\bin\Debug\net10.0\Ticketing.Domain.dll" to "bin\Debug\net10.0\Ticketing.Domain.dll". Beginning retry 10 in 1000ms. The process cannot access the file 'C:\Users\mateo\OneDrive\Desktop\BD2\Obligatorio_BD2\src\Ticketing.Api\bin\Debug\net10.0\Ticketing.Domain.dll' because it is being used by another process. The file is locked by: "Ticketing.Api (5092)" [C:\Users\mateo\OneDrive\Desktop\BD2\Obligatorio_BD2\src\Ticketing.Api\Ticketing.Api.csproj]
C:\Program Files\dotnet\sdk\10.0.301\Microsoft.Common.CurrentVersion.targets(5096,5): warning MSB3026: Could not copy "C:\Users\mateo\OneDrive\Desktop\BD2\Obligatorio_BD2\src\Ticketing.Application\bin\Debug\net10.0\Ticketing.Application.dll" to "bin\Debug\net10.0\Ticketing.Application.dll". Beginning retry 10 in 1000ms. The process cannot access the file 'C:\Users\mateo\OneDrive\Desktop\BD2\Obligatorio_BD2\src\Ticketing.Api\bin\Debug\net10.0\Ticketing.Application.dll' because it is being used by another process. The file is locked by: "Ticketing.Api (5092)" [C:\Users\mateo\OneDrive\Desktop\BD2\Obligatorio_BD2\src\Ticketing.Api\Ticketing.Api.csproj]
C:\Users\mateo\OneDrive\Desktop\BD2\Obligatorio_BD2\src\Ticketing.Front\Pages\Estadios.razor(4,13): error CS0246: The type or namespace name 'AuthorizeAttribute' could not be found (are you missing a using directive or an assembly reference?) [C:\Users\mateo\OneDrive\Desktop\BD2\Obligatorio_BD2\src\Ticketing.Front\Ticketing.Front.csproj]
C:\Users\mateo\OneDrive\Desktop\BD2\Obligatorio_BD2\src\Ticketing.Front\Pages\Estadios.razor(4,13): error CS0246: The type or namespace name 'Authorize' could not be found (are you missing a using directive or an assembly reference?) [C:\Users\mateo\OneDrive\Desktop\BD2\Obligatorio_BD2\src\Ticketing.Front\Ticketing.Front.csproj]
C:\Users\mateo\OneDrive\Desktop\BD2\Obligatorio_BD2\src\Ticketing.Front\Pages\Equipos.razor(4,13): error CS0246: The type or namespace name 'AuthorizeAttribute' could not be found (are you missing a using directive or an assembly reference?) [C:\Users\mateo\OneDrive\Desktop\BD2\Obligatorio_BD2\src\Ticketing.Front\Ticketing.Front.csproj]
C:\Users\mateo\OneDrive\Desktop\BD2\Obligatorio_BD2\src\Ticketing.Front\Pages\Equipos.razor(4,13): error CS0246: The type or namespace name 'Authorize' could not be found (are you missing a using directive or an assembly reference?) [C:\Users\mateo\OneDrive\Desktop\BD2\Obligatorio_BD2\src\Ticketing.Front\Ticketing.Front.csproj]
C:\Users\mateo\OneDrive\Desktop\BD2\Obligatorio_BD2\src\Ticketing.Front\Pages\Metricas.razor(4,13): error CS0246: The type or namespace name 'AuthorizeAttribute' could not be found (are you missing a using directive or an assembly reference?) [C:\Users\mateo\OneDrive\Desktop\BD2\Obligatorio_BD2\src\Ticketing.Front\Ticketing.Front.csproj]
C:\Users\mateo\OneDrive\Desktop\BD2\Obligatorio_BD2\src\Ticketing.Front\Pages\Metricas.razor(4,13): error CS0246: The type or namespace name 'Authorize' could not be found (are you missing a using directive or an assembly reference?) [C:\Users\mateo\OneDrive\Desktop\BD2\Obligatorio_BD2\src\Ticketing.Front\Ticketing.Front.csproj]
C:\Users\mateo\OneDrive\Desktop\BD2\Obligatorio_BD2\src\Ticketing.Front\Pages\QrScanner.razor(3,13): error CS0246: The type or namespace name 'AuthorizeAttribute' could not be found (are you missing a using directive or an assembly reference?) [C:\Users\mateo\OneDrive\Desktop\BD2\Obligatorio_BD2\src\Ticketing.Front\Ticketing.Front.csproj]
C:\Users\mateo\OneDrive\Desktop\BD2\Obligatorio_BD2\src\Ticketing.Front\Pages\QrScanner.razor(3,13): error CS0246: The type or namespace name 'Authorize' could not be found (are you missing a using directive or an assembly reference?) [C:\Users\mateo\OneDrive\Desktop\BD2\Obligatorio_BD2\src\Ticketing.Front\Ticketing.Front.csproj]
C:\Users\mateo\OneDrive\Desktop\BD2\Obligatorio_BD2\src\Ticketing.Front\Pages\Usuarios.razor(4,13): error CS0246: The type or namespace name 'AuthorizeAttribute' could not be found (are you missing a using directive or an assembly reference?) [C:\Users\mateo\OneDrive\Desktop\BD2\Obligatorio_BD2\src\Ticketing.Front\Ticketing.Front.csproj]
C:\Users\mateo\OneDrive\Desktop\BD2\Obligatorio_BD2\src\Ticketing.Front\Pages\Usuarios.razor(4,13): error CS0246: The type or namespace name 'Authorize' could not be found (are you missing a using directive or an assembly reference?) [C:\Users\mateo\OneDrive\Desktop\BD2\Obligatorio_BD2\src\Ticketing.Front\Ticketing.Front.csproj]
C:\Users\mateo\OneDrive\Desktop\BD2\Obligatorio_BD2\src\Ticketing.Front\Pages\Venta.razor(3,13): error CS0246: The type or namespace name 'AuthorizeAttribute' could not be found (are you missing a using directive or an assembly reference?) [C:\Users\mateo\OneDrive\Desktop\BD2\Obligatorio_BD2\src\Ticketing.Front\Ticketing.Front.csproj]
C:\Users\mateo\OneDrive\Desktop\BD2\Obligatorio_BD2\src\Ticketing.Front\Pages\Venta.razor(3,13): error CS0246: The type or namespace name 'Authorize' could not be found (are you missing a using directive or an assembly reference?) [C:\Users\mateo\OneDrive\Desktop\BD2\Obligatorio_BD2\src\Ticketing.Front\Ticketing.Front.csproj]
C:\Program Files\dotnet\sdk\10.0.301\Microsoft.Common.CurrentVersion.targets(5096,5): error MSB3027: Could not copy "C:\Users\mateo\OneDrive\Desktop\BD2\Obligatorio_BD2\src\Ticketing.Infrastructure\bin\Debug\net10.0\Ticketing.Infrastructure.dll" to "bin\Debug\net10.0\Ticketing.Infrastructure.dll". Exceeded retry count of 10. Failed. The file is locked by: "Ticketing.Api (5092)" [C:\Users\mateo\OneDrive\Desktop\BD2\Obligatorio_BD2\src\Ticketing.Api\Ticketing.Api.csproj]
C:\Program Files\dotnet\sdk\10.0.301\Microsoft.Common.CurrentVersion.targets(5096,5): error MSB3021: Unable to copy file "C:\Users\mateo\OneDrive\Desktop\BD2\Obligatorio_BD2\src\Ticketing.Infrastructure\bin\Debug\net10.0\Ticketing.Infrastructure.dll" to "bin\Debug\net10.0\Ticketing.Infrastructure.dll". The process cannot access the file 'C:\Users\mateo\OneDrive\Desktop\BD2\Obligatorio_BD2\src\Ticketing.Api\bin\Debug\net10.0\Ticketing.Infrastructure.dll' because it is being used by another process. [C:\Users\mateo\OneDrive\Desktop\BD2\Obligatorio_BD2\src\Ticketing.Api\Ticketing.Api.csproj]
C:\Program Files\dotnet\sdk\10.0.301\Microsoft.Common.CurrentVersion.targets(5096,5): error MSB3027: Could not copy "C:\Users\mateo\OneDrive\Desktop\BD2\Obligatorio_BD2\src\Ticketing.Contracts\bin\Debug\net10.0\Ticketing.Contracts.dll" to "bin\Debug\net10.0\Ticketing.Contracts.dll". Exceeded retry count of 10. Failed. The file is locked by: "Ticketing.Api (5092)" [C:\Users\mateo\OneDrive\Desktop\BD2\Obligatorio_BD2\src\Ticketing.Api\Ticketing.Api.csproj]
C:\Program Files\dotnet\sdk\10.0.301\Microsoft.Common.CurrentVersion.targets(5096,5): error MSB3021: Unable to copy file "C:\Users\mateo\OneDrive\Desktop\BD2\Obligatorio_BD2\src\Ticketing.Contracts\bin\Debug\net10.0\Ticketing.Contracts.dll" to "bin\Debug\net10.0\Ticketing.Contracts.dll". The process cannot access the file 'C:\Users\mateo\OneDrive\Desktop\BD2\Obligatorio_BD2\src\Ticketing.Api\bin\Debug\net10.0\Ticketing.Contracts.dll' because it is being used by another process. [C:\Users\mateo\OneDrive\Desktop\BD2\Obligatorio_BD2\src\Ticketing.Api\Ticketing.Api.csproj]
C:\Program Files\dotnet\sdk\10.0.301\Microsoft.Common.CurrentVersion.targets(5096,5): error MSB3027: Could not copy "C:\Users\mateo\OneDrive\Desktop\BD2\Obligatorio_BD2\src\Ticketing.Domain\bin\Debug\net10.0\Ticketing.Domain.dll" to "bin\Debug\net10.0\Ticketing.Domain.dll". Exceeded retry count of 10. Failed. The file is locked by: "Ticketing.Api (5092)" [C:\Users\mateo\OneDrive\Desktop\BD2\Obligatorio_BD2\src\Ticketing.Api\Ticketing.Api.csproj]
C:\Program Files\dotnet\sdk\10.0.301\Microsoft.Common.CurrentVersion.targets(5096,5): error MSB3021: Unable to copy file "C:\Users\mateo\OneDrive\Desktop\BD2\Obligatorio_BD2\src\Ticketing.Domain\bin\Debug\net10.0\Ticketing.Domain.dll" to "bin\Debug\net10.0\Ticketing.Domain.dll". The process cannot access the file 'C:\Users\mateo\OneDrive\Desktop\BD2\Obligatorio_BD2\src\Ticketing.Api\bin\Debug\net10.0\Ticketing.Domain.dll' because it is being used by another process. [C:\Users\mateo\OneDrive\Desktop\BD2\Obligatorio_BD2\src\Ticketing.Api\Ticketing.Api.csproj]
C:\Program Files\dotnet\sdk\10.0.301\Microsoft.Common.CurrentVersion.targets(5096,5): error MSB3027: Could not copy "C:\Users\mateo\OneDrive\Desktop\BD2\Obligatorio_BD2\src\Ticketing.Application\bin\Debug\net10.0\Ticketing.Application.dll" to "bin\Debug\net10.0\Ticketing.Application.dll". Exceeded retry count of 10. Failed. The file is locked by: "Ticketing.Api (5092)" [C:\Users\mateo\OneDrive\Desktop\BD2\Obligatorio_BD2\src\Ticketing.Api\Ticketing.Api.csproj]
C:\Program Files\dotnet\sdk\10.0.301\Microsoft.Common.CurrentVersion.targets(5096,5): error MSB3021: Unable to copy file "C:\Users\mateo\OneDrive\Desktop\BD2\Obligatorio_BD2\src\Ticketing.Application\bin\Debug\net10.0\Ticketing.Application.dll" to "bin\Debug\net10.0\Ticketing.Application.dll". The process cannot access the file 'C:\Users\mateo\OneDrive\Desktop\BD2\Obligatorio_BD2\src\Ticketing.Api\bin\Debug\net10.0\Ticketing.Application.dll' because it is being used by another process. [C:\Users\mateo\OneDrive\Desktop\BD2\Obligatorio_BD2\src\Ticketing.Api\Ticketing.Api.csproj]
    46 Warning(s)
    20 Error(s)

Time Elapsed 00:00:18.84
